apiVersion: networking.istio.io/v1alpha3
kind: Gateway
metadata:
  creationTimestamp: null
  name: gateway-istio-autogenerated-k8s-gateway
  namespace: istio-system
spec:
  selector:
    istio: ingressgateway
  servers:
  - hosts:
    - '*.domain.example'
    port:
      name: http-80-gateway-gateway-istio-system
      number: 80
      protocol: HTTP
  - hosts:
    - '*'
    port:
      name: tcp-34000-gateway-gateway-istio-system
      number: 34000
      protocol: TCP
---
apiVersion: networking.istio.io/v1alpha3
kind: VirtualService
metadata:
  creationTimestamp: null
  name: tcp-tcp-istio-autogenerated-k8s-gateway
  namespace: default
spec:
  gateways:
  - istio-system/gateway-istio-autogenerated-k8s-gateway
  hosts:
  - '*'
  tcp:
  - route:
    - destination:
        host: httpbin.default.svc.cluster.local
---
apiVersion: networking.istio.io/v1alpha3
kind: VirtualService
metadata:
  creationTimestamp: null
  name: http-0-istio-autogenerated-k8s-gateway
  namespace: default
spec:
  gateways:
  - istio-system/gateway-istio-autogenerated-k8s-gateway
  hosts:
  - first.domain.example
  - another.domain.example
  http:
  - headers:
      request:
        add:
          my-added-header: added-value
        remove:
        - my-removed-header
    match:
    - headers:
        my-header:
          exact: some-value
      uri:
        prefix: /get
    route:
    - destination:
        host: httpbin.default.svc.cluster.local
---
apiVersion: networking.istio.io/v1alpha3
kind: VirtualService
metadata:
  creationTimestamp: null
  name: http-1-istio-autogenerated-k8s-gateway
  namespace: default
spec:
  gateways:
  - istio-system/gateway-istio-autogenerated-k8s-gateway
  hosts:
  - second.domain.example
  http:
  - match:
    - uri:
        prefix: /second
    route:
    - destination:
        host: httpbin-second.default.svc.cluster.local
---
