apiVersion: networking.istio.io/v1alpha3
kind: Gateway
metadata:
  creationTimestamp: null
  name: gateway-istio-autogenerated-k8s-gateway
  namespace: istio-system
spec:
  selector:
    istio: ingressgateway
  servers:
  - hosts:
    - '*.domain.example'
    port:
      name: tls-80-gateway-gateway-istio-system
      number: 80
      protocol: TLS
    tls:
      credentialName: my-cert
      minProtocolVersion: TLSV1_2
      mode: SIMPLE
---
