apiVersion: networking.istio.io/v1alpha3
kind: Gateway
metadata:
  creationTimestamp: null
  name: gateway-istio-autogenerated-k8s-gateway
  namespace: istio-system
spec:
  selector:
    istio: ingressgateway
  servers:
  - hosts:
    - '*.domain.example'
    port:
      name: http-80-gateway-gateway-istio-system
      number: 80
      protocol: HTTP
---
apiVersion: networking.istio.io/v1alpha3
kind: VirtualService
metadata:
  creationTimestamp: null
  name: http-0-istio-autogenerated-k8s-gateway
  namespace: default
spec:
  gateways:
  - istio-system/gateway-istio-autogenerated-k8s-gateway
  hosts:
  - first.domain.example
  http:
  - match:
    - uri:
        prefix: /get
    route:
    - destination:
        host: httpbin.default.svc.cluster.local
      weight: 40
    - destination:
        host: httpbin-other.default.svc.cluster.local
      weight: 60
---
