apiVersion: v1
kind: Service
metadata:
  annotations: null
  labels:
    app: istio-egressgateway
    istio: egressgateway
    release: istio
  name: istio-egressgateway
  namespace: istio-system
spec:
  ports:
  - name: http2
    port: 80
    targetPort: 8080
  - name: https
    port: 443
    targetPort: 8443
  - name: tls
    port: 15443
    targetPort: 15443
  selector:
    app: istio-egressgateway
    istio: egressgateway
  type: ClusterIP
---
