apiVersion: rbac.authorization.k8s.io/v1
kind: ClusterRoleBinding
metadata:
  labels:
    app: istio-reader
    release: istio
  name: istio-reader-istio-system
roleRef:
  apiGroup: rbac.authorization.k8s.io
  kind: ClusterRole
  name: istio-reader-istio-system
subjects:
- kind: ServiceAccount
  name: my-service-role
  namespace: istio-system
---


apiVersion: admissionregistration.k8s.io/v1beta1
kind: MutatingWebhookConfiguration
metadata:
  labels:
    app: sidecar-injector
    istio.io/rev: default
    release: istio
  name: istio-sidecar-injector-istio-control
webhooks:
- admissionReviewVersions:
  - v1beta1
  - v1
  clientConfig:
    caBundle: ""
    service:
      name: foo
      namespace: istio-control
      path: /inject
  failurePolicy: Fail
  name: sidecar-injector.istio.io
  namespaceSelector:
    matchLabels:
      istio-injection: enabled
  rules:
  - apiGroups:
    - ""
    apiVersions:
    - v1
    operations:
    - CREATE
    resources:
    - pods
  sideEffects: None
---


apiVersion: apps/v1
kind: Deployment
metadata:
  labels:
    app: istiod
    istio: pilot
    istio.io/rev: default
    release: istio
  name: istiod
  namespace: istio-control
spec:
  selector:
    matchLabels:
      istio: pilot
  strategy:
    rollingUpdate:
      maxSurge: 100%
      maxUnavailable: 25%
  template:
    metadata:
      annotations:
        prometheus.io/port: "15014"
        prometheus.io/scrape: "true"
        sidecar.istio.io/inject: "false"
      labels:
        app: istiod
        istio: pilot
        istio.io/rev: default
    spec:
      containers:
      - args:
        - discovery
        - --monitoringAddr=:15014
        - --log_output_level=default:info
        - --domain
        - cluster.local
        - --trust-domain=cluster.local
        - --keepaliveMaxServerConnectionAge
        - 60m
        env:
        - name: JWT_POLICY
          value: third-party-jwt
        - name: PILOT_CERT_PROVIDER
          value: istiod
        - name: POD_NAME
          valueFrom:
            fieldRef:
              apiVersion: v1
              fieldPath: metadata.name
        - name: POD_NAMESPACE
          valueFrom:
            fieldRef:
              apiVersion: v2
              fieldPath: metadata.myPath
        - name: SERVICE_ACCOUNT
          valueFrom:
            fieldRef:
              apiVersion: v1
              fieldPath: spec.serviceAccountName
        - name: KUBECONFIG
          value: /var/run/secrets/remote/config
        - name: PILOT_TRACE_SAMPLING
          value: "1"
        - name: PILOT_ENABLE_PROTOCOL_SNIFFING_FOR_OUTBOUND
          value: "true"
        - name: PILOT_ENABLE_PROTOCOL_SNIFFING_FOR_INBOUND
          value: "true"
        - name: INJECTION_WEBHOOK_CONFIG_NAME
          value: istio-sidecar-injector-istio-control
        - name: ISTIOD_ADDR
          value: istiod.istio-control.svc:15012
        - name: PILOT_ENABLE_ANALYSIS
          value: "false"
        - name: CLUSTER_ID
          value: Kubernetes
        - name: CENTRAL_ISTIOD
          value: "false"
        image: docker.io/istio/pilot:1.1.4
        name: discovery
        ports:
        - containerPort: 1234
        - containerPort: 15010
        - containerPort: 15017
        - containerPort: 15053
        readinessProbe:
          httpGet:
            path: /ready
            port: 8080
          initialDelaySeconds: 1
          periodSeconds: 3
          timeoutSeconds: 5
        resources:
          requests:
            cpu: 123m
            memory: 2048Mi
        volumeMounts:
        - mountPath: /etc/istio/config
          name: config-volume
        - mountPath: /var/run/secrets/tokens
          name: istio-token
          readOnly: true
        - mountPath: /var/run/secrets/istio-dns
          name: local-certs
        - mountPath: /etc/cacerts
          name: cacerts
          readOnly: true
        - mountPath: /var/run/secrets/remote
          name: istio-kubeconfig
          readOnly: true
        - mountPath: /var/lib/istio/inject
          name: inject
          readOnly: true
      securityContext:
        fsGroup: 1337
      serviceAccountName: istiod-service-account
      volumes:
      - emptyDir:
          medium: Memory
        name: local-certs
      - name: istio-token
        projected:
          sources:
          - serviceAccountToken:
              audience: istio-ca
              expirationSeconds: 43200
              path: istio-token
      - name: cacerts
        secret:
          optional: true
          secretName: cacerts
      - name: istio-kubeconfig
        secret:
          optional: true
          secretName: istio-kubeconfig
      - configMap:
          name: istio-sidecar-injector
        name: inject
      - configMap:
          name: istio
        name: config-volume
---


apiVersion: v1
kind: Service
metadata:
  labels:
    app: istiod
    istio: pilot
    istio.io/rev: default
    release: istio
  name: istiod
  namespace: istio-control
spec:
  ports:
  - name: grpc-xds
    port: 15010
  - name: https-dns
    port: 11111
  - name: https-webhook
    port: 443
    targetPort: 15017
  - name: http-monitoring
    port: 15014
  - name: dns-tls
    port: 853
    protocol: TCP
    targetPort: 15053
  selector:
    app: istiod
    istio: pilot
---
